Running as unit: run-r5c618ad01883442c93d55248725d6525.scope; invocation ID: 7019bfce1bee4de49cdf7d2245c9afaa
libEGL warning: DRI3 error: Could not get DRI3 device
libEGL warning: Ensure your X server supports DRI3 to get accelerated rendering
[2026-06-11][17:23:41][lance_index::scalar::expression][INFO] visit_node: depth=0
[2026-06-11][17:23:42][lance_index::scalar::expression][INFO] visit_node: depth=0
[2026-06-11][17:23:42][lance_index::scalar::expression][INFO] visit_node: depth=0
[2026-06-11][17:23:42][lance_index::scalar::expression][INFO] visit_node: depth=0
[2026-06-11][17:23:42][lance_index::scalar::expression][INFO] visit_node: depth=0
[2026-06-11][17:23:42][lance_index::scalar::expression][INFO] visit_node: depth=0
[2026-06-11][17:23:42][keepance_lib::commands::rag][WARN] rag: skipping unreadable office file /tmp/wedge-ws/empty.docx: invalid .docx package: open zip: invalid Zip archive: Could not find EOCD
[2026-06-11][17:23:42][lance_index::scalar::expression][INFO] visit_node: depth=0
[2026-06-11][17:25:51][lance_index::scalar::expression][INFO] visit_node: depth=0
[2026-06-11][17:25:51][lance_index::scalar::expression][INFO] visit_node: depth=0
[2026-06-11][17:25:51][lance_index::scalar::expression][INFO] visit_node: depth=0
[2026-06-11][17:25:51][lance_index::scalar::expression][INFO] visit_node: depth=0
[2026-06-11][17:25:51][lance::io::commit][INFO] Auto cleanup triggered: RemovalStats { bytes_removed: 0, old_versions: 0 }
[2026-06-11][17:25:51][lance_index::scalar::expression][INFO] visit_node: depth=0
[2026-06-11][17:25:51][lance_index::scalar::expression][INFO] visit_node: depth=0
[2026-06-11][17:25:52][lance_index::scalar::expression][INFO] visit_node: depth=0
[2026-06-11][17:27:54][lance_index::scalar::expression][INFO] visit_node: depth=0
[2026-06-11][17:28:39][lance_index::scalar::expression][INFO] visit_node: depth=0
[2026-06-11][17:28:39][lance_index::scalar::expression][INFO] visit_node: depth=1
[2026-06-11][17:28:39][lance_index::scalar::expression][INFO] visit_node: depth=1
[2026-06-11][17:35:57][lance_index::scalar::expression][INFO] visit_node: depth=0
[2026-06-11][17:35:57][lance_index::scalar::expression][INFO] visit_node: depth=0
[2026-06-11][17:35:57][lance_index::scalar::expression][INFO] visit_node: depth=0
[2026-06-11][17:35:58][lance_index::scalar::expression][INFO] visit_node: depth=0
[2026-06-11][17:36:42][lance_index::scalar::expression][INFO] visit_node: depth=0
[2026-06-11][17:37:34][lance_index::scalar::expression][INFO] visit_node: depth=0
[2026-06-11][17:38:21][lance_index::scalar::expression][INFO] visit_node: depth=0
[2026-06-11][17:38:21][lance_index::scalar::expression][INFO] visit_node: depth=1
[2026-06-11][17:38:21][lance_index::scalar::expression][INFO] visit_node: depth=1
[2026-06-11][17:43:24][lance_index::scalar::expression][INFO] visit_node: depth=0
[2026-06-11][17:44:35][lance_index::scalar::expression][INFO] visit_node: depth=0
[2026-06-11][17:44:35][lance_index::scalar::expression][INFO] visit_node: depth=1
[2026-06-11][17:44:35][lance_index::scalar::expression][INFO] visit_node: depth=1
[2026-06-11][17:44:35][lance_index::scalar::expression][INFO] visit_node: depth=0
[2026-06-11][17:44:35][lance_index::scalar::expression][INFO] visit_node: depth=1
[2026-06-11][17:44:35][lance_index::scalar::expression][INFO] visit_node: depth=1
[2026-06-11][17:44:35][lance_index::scalar::expression][INFO] visit_node: depth=0
[2026-06-11][17:44:35][lance_index::scalar::expression][INFO] visit_node: depth=1
[2026-06-11][17:44:35][lance_index::scalar::expression][INFO] visit_node: depth=1
[2026-06-11][17:44:35][lance_index::scalar::expression][INFO] visit_node: depth=0
[2026-06-11][17:44:35][lance_index::scalar::expression][INFO] visit_node: depth=1
[2026-06-11][17:44:35][lance_index::scalar::expression][INFO] visit_node: depth=1
[2026-06-11][17:44:35][lance_index::scalar::expression][INFO] visit_node: depth=0
[2026-06-11][17:44:35][lance_index::scalar::expression][INFO] visit_node: depth=1
[2026-06-11][17:44:35][lance_index::scalar::expression][INFO] visit_node: depth=1
[2026-06-11][17:44:35][lance_index::scalar::expression][INFO] visit_node: depth=0
[2026-06-11][17:44:35][lance_index::scalar::expression][INFO] visit_node: depth=1
[2026-06-11][17:44:35][lance_index::scalar::expression][INFO] visit_node: depth=1
[2026-06-11][17:44:35][lance_index::scalar::expression][INFO] visit_node: depth=0
[2026-06-11][17:44:35][lance_index::scalar::expression][INFO] visit_node: depth=1
[2026-06-11][17:44:35][lance_index::scalar::expression][INFO] visit_node: depth=1
[2026-06-11][17:44:35][lance_index::scalar::expression][INFO] visit_node: depth=0
[2026-06-11][17:44:35][lance_index::scalar::expression][INFO] visit_node: depth=1
[2026-06-11][17:44:35][lance_index::scalar::expression][INFO] visit_node: depth=1
[2026-06-11][17:44:35][lance_index::scalar::expression][INFO] visit_node: depth=0
[2026-06-11][17:44:35][lance_index::scalar::expression][INFO] visit_node: depth=1
[2026-06-11][17:44:35][lance_index::scalar::expression][INFO] visit_node: depth=1
[2026-06-11][17:44:35][lance_index::scalar::expression][INFO] visit_node: depth=0
[2026-06-11][17:44:35][lance_index::scalar::expression][INFO] visit_node: depth=1
[2026-06-11][17:44:35][lance_index::scalar::expression][INFO] visit_node: depth=1
[2026-06-11][17:44:36][lance_index::scalar::expression][INFO] visit_node: depth=0
